// Jest Snapshot v1, https://goo.gl/fbAQLP

exports[`Input should render correctly 1`] = `
<div>
  <div
    className="all"
  >
    test input
  </div>
  <input
    onChange={[Function]}
    value=""
  />
</div>
`;
